============================= test session starts =============================
platform win32 -- Python 3.13.5, pytest-8.3.4, pluggy-1.6.0 -- C:\Users\THINKPAD L13\AppData\Local\Programs\Python\Python313\python.exe
cachedir: .pytest_cache
rootdir: D:\projects\metatune_vfinal\MetaTune
plugins: anyio-4.12.0, Faker-40.4.0, jaxtyping-0.3.7, langsmith-0.4.49, asyncio-0.25.2, cov-6.0.0, mock-3.14.0, typeguard-2.13.3
asyncio: mode=Mode.STRICT, asyncio_default_fixture_loop_scope=None
collecting ... collected 15 items / 3 errors

=================================== ERRORS ====================================
_______________ ERROR collecting tests/test_audit_generation.py _______________
ImportError while importing test module 'D:\projects\metatune_vfinal\MetaTune\tests\test_audit_generation.py'.
Hint: make sure your test modules/packages have valid Python names.
Traceback:
C:\Users\THINKPAD L13\AppData\Local\Programs\Python\Python313\Lib\importlib\__init__.py:88: in import_module
    return _bootstrap._gcd_import(name[level:], package, level)
tests\test_audit_generation.py:5: in <module>
    from generate_audit_data import generate_audit_data
E   ModuleNotFoundError: No module named 'generate_audit_data'
____________________ ERROR collecting tests/test_brain.py _____________________
ImportError while importing test module 'D:\projects\metatune_vfinal\MetaTune\tests\test_brain.py'.
Hint: make sure your test modules/packages have valid Python names.
Traceback:
C:\Users\THINKPAD L13\AppData\Local\Programs\Python\Python313\Lib\importlib\__init__.py:88: in import_module
    return _bootstrap._gcd_import(name[level:], package, level)
tests\test_brain.py:3: in <module>
    from brain import MetaLearner
E   ModuleNotFoundError: No module named 'brain'
________________ ERROR collecting tests/test_data_analyzer.py _________________
ImportError while importing test module 'D:\projects\metatune_vfinal\MetaTune\tests\test_data_analyzer.py'.
Hint: make sure your test modules/packages have valid Python names.
Traceback:
C:\Users\THINKPAD L13\AppData\Local\Programs\Python\Python313\Lib\importlib\__init__.py:88: in import_module
    return _bootstrap._gcd_import(name[level:], package, level)
tests\test_data_analyzer.py:9: in <module>
    from data_analyzer import DatasetAnalyzer
E   ModuleNotFoundError: No module named 'data_analyzer'
=========================== short test summary info ===========================
ERROR tests/test_audit_generation.py
ERROR tests/test_brain.py
ERROR tests/test_data_analyzer.py
!!!!!!!!!!!!!!!!!!! Interrupted: 3 errors during collection !!!!!!!!!!!!!!!!!!!
============================== 3 errors in 8.94s ==============================
